C51 COMPILER V9.53.0.0   GUI                                                               06/12/2015 17:27:12 PAGE 1   


C51 COMPILER V9.53.0.0, COMPILATION OF MODULE GUI
OBJECT MODULE PLACED IN .\obj\gui.obj
COMPILER INVOKED BY: d:\Keil_v5\C51\BIN\C51.EXE GUI\gui.c LARGE BROWSE INCDIR(.\font;.\LCD;.\sys;.\touch;.\GUI;.\USER) D
                    -EBUG OBJECTEXTEND PRINT(.\gui.lst) TABS(2) OBJECT(.\obj\gui.obj)

line level    source

   1          #include "lcd.h"
   2          #include "font.h" 
   3          #include "sys.h"
   4          #include "gui.h"
   5          #include "string.h"
   6          //////////////////////////////////////////////////////////////////////////////////   
   7          //本程序只供学习使用，未经作者许可，不得用于其它任何用途
   8          //测试硬件：单片机STC12LE5A60S2,晶振30M  单片机工作电压3.3V
   9          //QDtech-TFT液晶驱动 for C51
  10          //xiao冯@ShenZhen QDtech co.,LTD
  11          //公司网站:www.qdtech.net
  12          //淘宝网站：http://qdtech.taobao.com
  13          //我司提供技术支持，任何技术问题欢迎随时交流学习
  14          //固话(传真) :+86 0755-23594567 
  15          //手机:15989313508（冯工） 
  16          //邮箱:QDtech2008@gmail.com 
  17          //Skype:QDtech2008
  18          //技术交流QQ群:324828016
  19          //创建日期:2013/5/13
  20          //版本：V1.1
  21          //版权所有，盗版必究。
  22          //Copyright(C) 深圳市全动电子技术有限公司 2009-2019
  23          //All rights reserved
  24          //********************************************************************************
  25          
  26          //******************************************************************
  27          //函数名：  GUI_DrawPoint
  28          //作者：    xiao冯@全动电子
  29          //日期：    2013-02-22
  30          //功能：    GUI描绘一个点
  31          //输入参数：x:光标位置x坐标
  32          //          y:光标位置y坐标
  33          //      color:要填充的颜色
  34          //返回值：  无
  35          //修改记录：无
  36          //******************************************************************
  37          void GUI_DrawPoint(u16 x,u16 y,u16 color)
  38          {
  39   1        LCD_SetCursor(x,y);//设置光标位置 
  40   1        LCD_WR_DATA_16Bit(color); 
  41   1      }
  42          
  43          //******************************************************************
  44          //函数名：  LCD_Fill
  45          //作者：    xiao冯@全动电子
  46          //日期：    2013-02-22
  47          //功能：    在指定区域内填充颜色
  48          //输入参数：sx:指定区域开始点x坐标
  49          //          sy:指定区域开始点y坐标
  50          //      ex:指定区域结束点x坐标
  51          //      ey:指定区域结束点y坐标
  52          //          color:要填充的颜色
  53          //返回值：  无
  54          //修改记录：无
C51 COMPILER V9.53.0.0   GUI                                                               06/12/2015 17:27:12 PAGE 2   

  55          //******************************************************************
  56          void LCD_Fill(u16 sx,u16 sy,u16 ex,u16 ey,u16 color)
  57          {   
  58   1        u16 i,j;      
  59   1        u16 width=ex-sx+1;    //得到填充的宽度
  60   1        u16 height=ey-sy+1;   //高度
  61   1        LCD_SetWindows(sx,sy,ex-1,ey-1);//设置显示窗口
  62   1        for(i=0;i<height;i++)
  63   1        {
  64   2          for(j=0;j<width;j++)
  65   2          LCD_WR_DATA_16Bit(color); //写入数据   
  66   2        }
  67   1        LCD_SetWindows(0,0,lcddev.width-1,lcddev.height-1);//恢复窗口设置为全屏
  68   1      }
  69          
  70          //******************************************************************
  71          //函数名：  LCD_DrawLine
  72          //作者：    xiao冯@全动电子
  73          //日期：    2013-02-22
  74          //功能：    GUI画线
  75          //输入参数：x1,y1:起点坐标
  76          //          x2,y2:终点坐标 
  77          //返回值：  无
  78          //修改记录：无
  79          //****************************************************************** 
  80          void LCD_DrawLine(u16 x1, u16 y1, u16 x2, u16 y2)
  81          {
  82   1        u16 t; 
  83   1        int xerr=0,yerr=0,delta_x,delta_y,distance; 
  84   1        int incx,incy,uRow,uCol; 
  85   1      
  86   1        delta_x=x2-x1; //计算坐标增量 
  87   1        delta_y=y2-y1; 
  88   1        uRow=x1; 
  89   1        uCol=y1; 
  90   1        if(delta_x>0)incx=1; //设置单步方向 
  91   1        else if(delta_x==0)incx=0;//垂直线 
  92   1        else {incx=-1;delta_x=-delta_x;} 
  93   1        if(delta_y>0)incy=1; 
  94   1        else if(delta_y==0)incy=0;//水平线 
  95   1        else{incy=-1;delta_y=-delta_y;} 
  96   1        if( delta_x>delta_y)distance=delta_x; //选取基本增量坐标轴 
  97   1        else distance=delta_y; 
  98   1        for(t=0;t<=distance+1;t++ )//画线输出 
  99   1        {  
 100   2          LCD_DrawPoint(uRow,uCol);//画点 
 101   2          xerr+=delta_x ; 
 102   2          yerr+=delta_y ; 
 103   2          if(xerr>distance) 
 104   2          { 
 105   3            xerr-=distance; 
 106   3            uRow+=incx; 
 107   3          } 
 108   2          if(yerr>distance) 
 109   2          { 
 110   3            yerr-=distance; 
 111   3            uCol+=incy; 
 112   3          } 
 113   2        }  
 114   1      } 
 115          
 116          //******************************************************************
C51 COMPILER V9.53.0.0   GUI                                                               06/12/2015 17:27:12 PAGE 3   

 117          //函数名：  LCD_DrawRectangle
 118          //作者：    xiao冯@全动电子
 119          //日期：    2013-02-22
 120          //功能：    GUI画矩形(非填充)
 121          //输入参数：(x1,y1),(x2,y2):矩形的对角坐标
 122          //返回值：  无
 123          //修改记录：无
 124          //******************************************************************  
 125          void LCD_DrawRectangle(u16 x1, u16 y1, u16 x2, u16 y2)
 126          {
 127   1        LCD_DrawLine(x1,y1,x2,y1);
 128   1        LCD_DrawLine(x1,y1,x1,y2);
 129   1        LCD_DrawLine(x1,y2,x2,y2);
 130   1        LCD_DrawLine(x2,y1,x2,y2);
 131   1      }  
 132          
 133          //******************************************************************
 134          //函数名：  LCD_DrawFillRectangle
 135          //作者：    xiao冯@全动电子
 136          //日期：    2013-02-22
 137          //功能：    GUI画矩形(填充)
 138          //输入参数：(x1,y1),(x2,y2):矩形的对角坐标
 139          //返回值：  无
 140          //修改记录：无
 141          //******************************************************************   
 142          void LCD_DrawFillRectangle(u16 x1, u16 y1, u16 x2, u16 y2)
 143          {
 144   1        LCD_Fill(x1,y1,x2,y2,POINT_COLOR);
 145   1      
 146   1      }
 147           
 148          //******************************************************************
 149          //函数名：  _draw_circle_8
 150          //作者：    xiao冯@全动电子
 151          //日期：    2013-02-22
 152          //功能：    8对称性画圆算法(内部调用)
 153          //输入参数：(xc,yc) :圆中心坐标
 154          //      (x,y):光标相对于圆心的坐标
 155          //          c:填充的颜色
 156          //返回值：  无
 157          //修改记录：无
 158          //******************************************************************  
 159          void _draw_circle_8(int xc, int yc, int x, int y, u16 c)
 160          {
 161   1        GUI_DrawPoint(xc + x, yc + y, c);
 162   1      
 163   1        GUI_DrawPoint(xc - x, yc + y, c);
 164   1      
 165   1        GUI_DrawPoint(xc + x, yc - y, c);
 166   1      
 167   1        GUI_DrawPoint(xc - x, yc - y, c);
 168   1      
 169   1        GUI_DrawPoint(xc + y, yc + x, c);
 170   1      
 171   1        GUI_DrawPoint(xc - y, yc + x, c);
 172   1      
 173   1        GUI_DrawPoint(xc + y, yc - x, c);
 174   1      
 175   1        GUI_DrawPoint(xc - y, yc - x, c);
 176   1      }
 177          
 178          //******************************************************************
C51 COMPILER V9.53.0.0   GUI                                                               06/12/2015 17:27:12 PAGE 4   

 179          //函数名：  gui_circle
 180          //作者：    xiao冯@全动电子
 181          //日期：    2013-02-22
 182          //功能：    在指定位置画一个指定大小的圆(填充)
 183          //输入参数：(xc,yc) :圆中心坐标
 184          //          c:填充的颜色
 185          //      r:圆半径
 186          //      fill:填充判断标志，1-填充，0-不填充
 187          //返回值：  无
 188          //修改记录：无
 189          //******************************************************************  
 190          void gui_circle(int xc, int yc,u16 c,int r, int fill)
 191          {
 192   1        int x = 0, y = r, yi, d;
 193   1      
 194   1        d = 3 - 2 * r;
 195   1      
 196   1      
 197   1        if (fill) 
 198   1        {
 199   2          // 如果填充（画实心圆）
 200   2          while (x <= y) {
 201   3            for (yi = x; yi <= y; yi++)
 202   3              _draw_circle_8(xc, yc, x, yi, c);
 203   3      
 204   3            if (d < 0) {
 205   4              d = d + 4 * x + 6;
 206   4            } else {
 207   4              d = d + 4 * (x - y) + 10;
 208   4              y--;
 209   4            }
 210   3            x++;
 211   3          }
 212   2        } else 
 213   1        {
 214   2          // 如果不填充（画空心圆）
 215   2          while (x <= y) {
 216   3            _draw_circle_8(xc, yc, x, y, c);
 217   3            if (d < 0) {
 218   4              d = d + 4 * x + 6;
 219   4            } else {
 220   4              d = d + 4 * (x - y) + 10;
 221   4              y--;
 222   4            }
 223   3            x++;
 224   3          }
 225   2        }
 226   1      }
 227          
 228          //******************************************************************
 229          //函数名：  LCD_ShowChar
 230          //作者：    xiao冯@全动电子
 231          //日期：    2013-02-22
 232          //功能：    显示单个英文字符
 233          //输入参数：(x,y):字符显示位置起始坐标
 234          //          fc:前置画笔颜色
 235          //      bc:背景颜色
 236          //      num:数值（0-94）
 237          //      size:字体大小
 238          //      mode:模式  0,填充模式;1,叠加模式
 239          //返回值：  无
 240          //修改记录：无
C51 COMPILER V9.53.0.0   GUI                                                               06/12/2015 17:27:12 PAGE 5   

 241          //******************************************************************  
 242          void LCD_ShowChar(u16 x,u16 y,u16 fc, u16 bc, u8 num,u8 size,u8 mode)
 243          {  
 244   1          u8 temp;
 245   1          u8 pos,t;
 246   1        u16 colortemp=POINT_COLOR;      
 247   1             
 248   1        num=num-' ';//得到偏移后的值
 249   1        LCD_SetWindows(x,y,x+size/2-1,y+size-1);//设置单个文字显示窗口
 250   1        if(!mode) //非叠加方式
 251   1        {
 252   2          
 253   2          for(pos=0;pos<size;pos++)
 254   2          {
 255   3            if(size==12)temp=asc2_1206[num][pos];//调用1206字体
 256   3            else temp=asc2_1608[num][pos];     //调用1608字体
 257   3            for(t=0;t<size/2;t++)
 258   3              {                 
 259   4                  if(temp&0x01)LCD_WR_DATA_16Bit(fc); 
 260   4              else LCD_WR_DATA_16Bit(bc); 
 261   4              temp>>=1; 
 262   4              
 263   4              }
 264   3            
 265   3          } 
 266   2        }else//叠加方式
 267   1        {
 268   2          for(pos=0;pos<size;pos++)
 269   2          {
 270   3            if(size==12)temp=asc2_1206[num][pos];//调用1206字体
 271   3            else temp=asc2_1608[num][pos];     //调用1608字体
 272   3            for(t=0;t<size/2;t++)
 273   3              {   
 274   4              POINT_COLOR=fc;              
 275   4                  if(temp&0x01)LCD_DrawPoint(x+t,y+pos);//画一个点    
 276   4                  temp>>=1; 
 277   4              }
 278   3          }
 279   2        }
 280   1        POINT_COLOR=colortemp;  
 281   1        LCD_SetWindows(0,0,lcddev.width-1,lcddev.height-1);//恢复窗口为全屏             
 282   1      } 
 283          //******************************************************************
 284          //函数名：  LCD_ShowString
 285          //作者：    xiao冯@全动电子
 286          //日期：    2013-02-22
 287          //功能：    显示英文字符串
 288          //输入参数：x,y :起点坐标  
 289          //      size:字体大小
 290          //      *p:字符串起始地址
 291          //      mode:模式 0,填充模式;1,叠加模式
 292          //返回值：  无
 293          //修改记录：无
 294          //******************************************************************      
 295          void LCD_ShowString(u16 x,u16 y,u8 size,u8 *p,u8 mode)
 296          {         
 297   1          while((*p<='~')&&(*p>=' '))//判断是不是非法字符!
 298   1          {   
 299   2          if(x>(lcddev.width-1)||y>(lcddev.height-1)) 
 300   2          return;     
 301   2              LCD_ShowChar(x,y,POINT_COLOR,BACK_COLOR,*p,size,mode);
 302   2              x+=size/2;
C51 COMPILER V9.53.0.0   GUI                                                               06/12/2015 17:27:12 PAGE 6   

 303   2              p++;
 304   2          }  
 305   1      } 
 306          
 307          //******************************************************************
 308          //函数名：  mypow
 309          //作者：    xiao冯@全动电子
 310          //日期：    2013-02-22
 311          //功能：    求m的n次方(gui内部调用)
 312          //输入参数：m:乘数
 313          //          n:幂
 314          //返回值：  m的n次方
 315          //修改记录：无
 316          //******************************************************************  
 317          u32 mypow(u8 m,u8 n)
 318          {
 319   1        u32 result=1;  
 320   1        while(n--)result*=m;    
 321   1        return result;
 322   1      }
 323          
 324          //******************************************************************
 325          //函数名：  LCD_ShowNum
 326          //作者：    xiao冯@全动电子
 327          //日期：    2013-02-22
 328          //功能：    显示单个数字变量值
 329          //输入参数：x,y :起点坐标  
 330          //      len :指定显示数字的位数
 331          //      size:字体大小(12,16)
 332          //      color:颜色
 333          //      num:数值(0~4294967295)
 334          //返回值：  无
 335          //修改记录：无
 336          //******************************************************************         
 337          void LCD_ShowNum(u16 x,u16 y,u32 num,u8 len,u8 size)
 338          {           
 339   1        u8 t,temp;
 340   1        u8 enshow=0;               
 341   1        for(t=0;t<len;t++)
 342   1        {
 343   2          temp=(num/mypow(10,len-t-1))%10;
 344   2          if(enshow==0&&t<(len-1))
 345   2          {
 346   3            if(temp==0)
 347   3            {
 348   4              LCD_ShowChar(x+(size/2)*t,y,POINT_COLOR,BACK_COLOR,' ',size,0);
 349   4              continue;
 350   4            }else enshow=1; 
 351   3             
 352   3          }
 353   2          LCD_ShowChar(x+(size/2)*t,y,POINT_COLOR,BACK_COLOR,temp+'0',size,0); 
 354   2        }
 355   1      } 
 356          
 357          //******************************************************************
 358          //函数名：  GUI_DrawFont16
 359          //作者：    xiao冯@全动电子
 360          //日期：    2013-02-22
 361          //功能：    显示单个16X16中文字体
 362          //输入参数：x,y :起点坐标
 363          //      fc:前置画笔颜色
 364          //      bc:背景颜色  
C51 COMPILER V9.53.0.0   GUI                                                               06/12/2015 17:27:12 PAGE 7   

 365          //      s:字符串地址
 366          //      mode:模式 0,填充模式;1,叠加模式
 367          //返回值：  无
 368          //修改记录：无
 369          //******************************************************************
 370          void GUI_DrawFont16(u16 x, u16 y, u16 fc, u16 bc, u8 *s,u8 mode)
 371          {
 372   1        u8 i,j;
 373   1        u16 k;
 374   1        u16 HZnum;
 375   1        u16 x0=x;
 376   1        HZnum=sizeof(tfont16)/sizeof(typFNT_GB16);  //自动统计汉字数目
 377   1        
 378   1            
 379   1        for (k=0;k<HZnum;k++) 
 380   1        {
 381   2          if ((tfont16[k].Index[0]==*(s))&&(tfont16[k].Index[1]==*(s+1)))
 382   2          {   LCD_SetWindows(x,y,x+16-1,y+16-1);
 383   3              for(i=0;i<16*2;i++)
 384   3              {
 385   4              for(j=0;j<8;j++)
 386   4                { 
 387   5                if(!mode) //非叠加方式
 388   5                {
 389   6                  if(tfont16[k].Msk[i]&(0x80>>j)) LCD_WR_DATA_16Bit(fc);
 390   6                  else LCD_WR_DATA_16Bit(bc);
 391   6                }
 392   5                else
 393   5                {
 394   6                  POINT_COLOR=fc;
 395   6                  if(tfont16[k].Msk[i]&(0x80>>j)) LCD_DrawPoint(x,y);//画一个点
 396   6                  x++;
 397   6                  if((x-x0)==16)
 398   6                  {
 399   7                    x=x0;
 400   7                    y++;
 401   7                    break;
 402   7                  }
 403   6                }
 404   5      
 405   5              }
 406   4              
 407   4            }
 408   3            
 409   3            
 410   3          }           
 411   2          continue;  //查找到对应点阵字库立即退出，防止多个汉字重复取模带来影响
 412   2        }
 413   1      
 414   1        LCD_SetWindows(0,0,lcddev.width-1,lcddev.height-1);//恢复窗口为全屏  
 415   1      } 
 416          
 417          //******************************************************************
 418          //函数名：  GUI_DrawFont24
 419          //作者：    xiao冯@全动电子
 420          //日期：    2013-02-22
 421          //功能：    显示单个24X24中文字体
 422          //输入参数：x,y :起点坐标
 423          //      fc:前置画笔颜色
 424          //      bc:背景颜色  
 425          //      s:字符串地址
 426          //      mode:模式 0,填充模式;1,叠加模式
C51 COMPILER V9.53.0.0   GUI                                                               06/12/2015 17:27:12 PAGE 8   

 427          //返回值：  无
 428          //修改记录：无
 429          //******************************************************************
 430          void GUI_DrawFont24(u16 x, u16 y, u16 fc, u16 bc, u8 *s,u8 mode)
 431          {
 432   1        u8 i,j;
 433   1        u16 k;
 434   1        u16 HZnum;
 435   1        u16 x0=x;
 436   1        HZnum=sizeof(tfont24)/sizeof(typFNT_GB24);  //自动统计汉字数目
 437   1          
 438   1            for (k=0;k<HZnum;k++) 
 439   1            {
 440   2              if ((tfont24[k].Index[0]==*(s))&&(tfont24[k].Index[1]==*(s+1)))
 441   2              {   LCD_SetWindows(x,y,x+24-1,y+24-1);
 442   3                  for(i=0;i<24*3;i++)
 443   3                  {
 444   4                    for(j=0;j<8;j++)
 445   4                    {
 446   5                      if(!mode) //非叠加方式
 447   5                      {
 448   6                        if(tfont24[k].Msk[i]&(0x80>>j)) LCD_WR_DATA_16Bit(fc);
 449   6                        else LCD_WR_DATA_16Bit(bc);
 450   6                      }
 451   5                    else
 452   5                    {
 453   6                      POINT_COLOR=fc;
 454   6                      if(tfont24[k].Msk[i]&(0x80>>j)) LCD_DrawPoint(x,y);//画一个点
 455   6                      x++;
 456   6                      if((x-x0)==24)
 457   6                      {
 458   7                        x=x0;
 459   7                        y++;
 460   7                        break;
 461   7                      }
 462   6                    }
 463   5                  }
 464   4                }
 465   3                
 466   3                
 467   3              }           
 468   2              continue;  //查找到对应点阵字库立即退出，防止多个汉字重复取模带来影响
 469   2            }
 470   1      
 471   1        LCD_SetWindows(0,0,lcddev.width-1,lcddev.height-1);//恢复窗口为全屏  
 472   1      }
 473          
 474          //******************************************************************
 475          //函数名：  GUI_DrawFont32
 476          //作者：    xiao冯@全动电子
 477          //日期：    2013-02-22
 478          //功能：    显示单个32X32中文字体
 479          //输入参数：x,y :起点坐标
 480          //      fc:前置画笔颜色
 481          //      bc:背景颜色  
 482          //      s:字符串地址
 483          //      mode:模式 0,填充模式;1,叠加模式
 484          //返回值：  无
 485          //修改记录：无
 486          //****************************************************************** 
 487          void GUI_DrawFont32(u16 x, u16 y, u16 fc, u16 bc, u8 *s,u8 mode)
 488          {
C51 COMPILER V9.53.0.0   GUI                                                               06/12/2015 17:27:12 PAGE 9   

 489   1        u8 i,j;
 490   1        u16 k;
 491   1        u16 HZnum;
 492   1        u16 x0=x;
 493   1        HZnum=sizeof(tfont32)/sizeof(typFNT_GB32);  //自动统计汉字数目
 494   1        for (k=0;k<HZnum;k++) 
 495   1            {
 496   2              if ((tfont32[k].Index[0]==*(s))&&(tfont32[k].Index[1]==*(s+1)))
 497   2              {   LCD_SetWindows(x,y,x+32-1,y+32-1);
 498   3                  for(i=0;i<32*4;i++)
 499   3                  {
 500   4                  for(j=0;j<8;j++)
 501   4                    {
 502   5                    if(!mode) //非叠加方式
 503   5                    {
 504   6                      if(tfont32[k].Msk[i]&(0x80>>j)) LCD_WR_DATA_16Bit(fc);
 505   6                      else LCD_WR_DATA_16Bit(bc);
 506   6                    }
 507   5                    else
 508   5                    {
 509   6                      POINT_COLOR=fc;
 510   6                      if(tfont32[k].Msk[i]&(0x80>>j)) LCD_DrawPoint(x,y);//画一个点
 511   6                      x++;
 512   6                      if((x-x0)==32)
 513   6                      {
 514   7                        x=x0;
 515   7                        y++;
 516   7                        break;
 517   7                      }
 518   6                    }
 519   5                  }
 520   4                }
 521   3                
 522   3                
 523   3              }           
 524   2              continue;  //查找到对应点阵字库立即退出，防止多个汉字重复取模带来影响
 525   2            }
 526   1        
 527   1        LCD_SetWindows(0,0,lcddev.width-1,lcddev.height-1);//恢复窗口为全屏  
 528   1      } 
 529          
 530          //******************************************************************
 531          //函数名：  Show_Str
 532          //作者：    xiao冯@全动电子
 533          //日期：    2013-02-22
 534          //功能：    显示一个字符串,包含中英文显示
 535          //输入参数：x,y :起点坐标
 536          //      fc:前置画笔颜色
 537          //      bc:背景颜色
 538          //      str :字符串  
 539          //      size:字体大小
 540          //      mode:模式 0,填充模式;1,叠加模式
 541          //返回值：  无
 542          //修改记录：无
 543          //******************************************************************               
 544          void Show_Str(u16 x, u16 y, u16 fc, u16 bc, u8 *str,u8 size,u8 mode)
 545          {         
 546   1        u16 x0=x;                   
 547   1          u8 bHz=0;     //字符或者中文 
 548   1          while(*str!=0)//数据未结束
 549   1          { 
 550   2              if(!bHz)
C51 COMPILER V9.53.0.0   GUI                                                               06/12/2015 17:27:12 PAGE 10  

 551   2              {
 552   3            if(x>(lcddev.width-size/2)||y>(lcddev.height-size)) 
 553   3            return; 
 554   3                if(*str>0x80)bHz=1;//中文 
 555   3                else              //字符
 556   3                {          
 557   4                  if(*str==0x0D)//换行符号
 558   4                  {         
 559   5                      y+=size;
 560   5                x=x0;
 561   5                      str++; 
 562   5                  }  
 563   4                  else
 564   4              {
 565   5                if(size>16)//字库中没有集成12X24 16X32的英文字体,用8X16代替
 566   5                {  
 567   6                LCD_ShowChar(x,y,fc,bc,*str,16,mode);
 568   6                x+=8; //字符,为全字的一半 
 569   6                }
 570   5                else
 571   5                {
 572   6                LCD_ShowChar(x,y,fc,bc,*str,size,mode);
 573   6                x+=size/2; //字符,为全字的一半 
 574   6                }
 575   5              } 
 576   4              str++; 
 577   4                  
 578   4                }
 579   3              }else//中文 
 580   2              {   
 581   3            if(x>(lcddev.width-size)||y>(lcddev.height-size)) 
 582   3            return;  
 583   3                  bHz=0;//有汉字库    
 584   3            if(size==32)
 585   3            GUI_DrawFont32(x,y,fc,bc,str,mode);   
 586   3            else if(size==24)
 587   3            GUI_DrawFont24(x,y,fc,bc,str,mode); 
 588   3            else
 589   3            GUI_DrawFont16(x,y,fc,bc,str,mode);
 590   3              
 591   3                str+=2; 
 592   3                x+=size;//下一个汉字偏移      
 593   3              }            
 594   2          }   
 595   1      }
 596          
 597          //******************************************************************
 598          //函数名：  Gui_StrCenter
 599          //作者：    xiao冯@全动电子
 600          //日期：    2013-02-22
 601          //功能：    居中显示一个字符串,包含中英文显示
 602          //输入参数：x,y :起点坐标
 603          //      fc:前置画笔颜色
 604          //      bc:背景颜色
 605          //      str :字符串  
 606          //      size:字体大小
 607          //      mode:模式 0,填充模式;1,叠加模式
 608          //返回值：  无
 609          //修改记录：无
 610          //******************************************************************   
 611          void Gui_StrCenter(u16 x, u16 y, u16 fc, u16 bc, u8 *str,u8 size,u8 mode)
 612          {
C51 COMPILER V9.53.0.0   GUI                                                               06/12/2015 17:27:12 PAGE 11  

 613   1        u16 len=strlen((const char *)str);
 614   1        u16 x1=(lcddev.width-len*8)/2;
 615   1        Show_Str(x+x1,y,fc,bc,str,size,mode);
 616   1      } 
 617           
 618          //******************************************************************
 619          //函数名：  Gui_Drawbmp16
 620          //作者：    xiao冯@全动电子
 621          //日期：    2013-02-22
 622          //功能：    显示一副16位BMP图像
 623          //输入参数：x,y :起点坐标
 624          //      *p :图像数组起始地址
 625          //返回值：  无
 626          //修改记录：无
 627          //******************************************************************  
 628          void Gui_Drawbmp16(u16 x,u16 y,const unsigned char *p) //显示40*40 QQ图片
 629          {
 630   1          int i; 
 631   1        unsigned char picH,picL; 
 632   1        LCD_SetWindows(x,y,x+40-1,y+40-1);//窗口设置
 633   1          for(i=0;i<40*40;i++)
 634   1        { 
 635   2          picL=*(p+i*2);  //数据低位在前
 636   2          picH=*(p+i*2+1);        
 637   2          LCD_WR_DATA_16Bit(picH<<8|picL);              
 638   2        } 
 639   1        LCD_SetWindows(0,0,lcddev.width-1,lcddev.height-1);//恢复显示窗口为全屏 
 640   1      
 641   1      }
 642          
 643          


MODULE INFORMATION:   STATIC OVERLAYABLE
   CODE SIZE        =   5673    ----
   CONSTANT SIZE    =   5262    ----
   XDATA SIZE       =   ----     236
   PDATA SIZE       =   ----    ----
   DATA SIZE        =   ----    ----
   IDATA SIZE       =   ----    ----
   BIT SIZE         =   ----    ----
END OF MODULE INFORMATION.


C51 COMPILATION COMPLETE.  0 WARNING(S),  0 ERROR(S)
