C51 COMPILER V9.53.0.0   MAIN                                                              06/12/2015 18:03:31 PAGE 1   


C51 COMPILER V9.53.0.0, COMPILATION OF MODULE MAIN
OBJECT MODULE PLACED IN .\obj\main.obj
COMPILER INVOKED BY: d:\Keil_v5\C51\BIN\C51.EXE USER\main.c LARGE BROWSE INCDIR(.\font;.\LCD;.\sys;.\touch;.\GUI;.\USER)
                    - DEBUG OBJECTEXTEND PRINT(.\main.lst) TABS(2) OBJECT(.\obj\main.obj)

line level    source

   1          #include "sys.h"
   2          #include "lcd.h"
   3          #include "gui.h"
   4          #include "test.h"
   5          //////////////////////////////////////////////////////////////////////////////////   
   6          //本程序只供学习使用，未经作者许可，不得用于其它任何用途
   7          //测试硬件：单片机STC12LE5A60S2,晶振30M  单片机工作电压3.3V
   8          //QDtech-TFT液晶驱动 for C51
   9          //xiao冯@ShenZhen QDtech co.,LTD
  10          //公司网站:www.qdtech.net
  11          //淘宝网站：http://qdtech.taobao.com
  12          //我司提供技术支持，任何技术问题欢迎随时交流学习
  13          //固话(传真) :+86 0755-23594567 
  14          //手机:15989313508（冯工） 
  15          //邮箱:QDtech2008@gmail.com 
  16          //Skype:QDtech2008
  17          //技术交流QQ群:324828016
  18          //创建日期:2013/5/13
  19          //版本：V1.1
  20          //版权所有，盗版必究。
  21          //Copyright(C) 深圳市全动电子技术有限公司 2009-2019
  22          //All rights reserved
  23          /****************************************************************************************************
  24          //=========================================电源接线================================================//
  25          //5V接DC 5V电源
  26          //GND接地
  27          //=======================================液晶屏数据线接线==========================================//
  28          //本模块默认数据总线类型为8位并行模式
  29          //8位模式接线：8位模式9341模块接高8位总线，即:
  30          //液晶屏LCD_D0对应单片机P2.0
  31          //液晶屏LCD_D1对应单片机P2.1
  32          //液晶屏LCD_D2对应单片机P2.2
  33          //液晶屏LCD_D3对应单片机P2.3
  34          //液晶屏LCD_D4对应单片机P2.4
  35          //液晶屏LCD_D5对应单片机P2.5
  36          //液晶屏LCD_D6对应单片机P2.6
  37          //液晶屏LCD_D7对应单片机P2.7
  38          //=======================================液晶屏控制线接线==========================================//
  39          //LCD_RST 接P3.3  //复位信号
  40          //LCD_CS  接P1.3  //片选信号
  41          //LCD_RS  接P1.2  //寄存器/数据选择信号
  42          //LCD_WR  接P1.1  //写信号
  43          //LCD_RD  接P1.0  //读信号
  44          //=========================================触摸屏触接线=========================================//
  45          //本模块触摸测试需连接外部XPT2046触摸采样芯片，所以本程序不进行触摸测试。
  46          //不使用触摸或者模块本身不带触摸，则可不连接
  47          **************************************************************************************************/ 
  48          
  49          //STC单片机IO推挽输出设置定义
  50          //其他普通C51单片机无此配置请屏蔽下面这条语句
  51          sfr P3M1  = 0xB1; //P3M1.n,P3M0.n   =00--->Standard,  01--->push-pull
  52          sfr P3M0  = 0xB2; //          =10--->pure input,  11--->open drain
  53          
  54          //主函数
C51 COMPILER V9.53.0.0   MAIN                                                              06/12/2015 18:03:31 PAGE 2   

  55          void main(void)
  56          { 
  57   1      
  58   1        //设置STC_12LE5A60S2单片机的P3.2为推挽输出，用于控制背光亮灭
  59   1        //其他普通C51单片机无此配置请屏蔽下面这条语句
  60   1        P3M1 &= ~(1<<2),P3M0 |=  (1<<2); 
  61   1      
  62   1        //液晶屏初始化
  63   1        LCD_Init();
  64   1      
  65   1        //循环进行各项测试  
  66   1        while(1)
  67   1        { 
  68   2          main_test();    //测试主界面
  69   2          Test_Color();     //简单刷屏填充测试
  70   2          Test_FillRec();   //GUI矩形绘图测试
  71   2          Test_Circle();    //GUI画圆测试
  72   2          English_Font_test();//英文字体示例测试
  73   2          Chinese_Font_test();//中文字体示例测试
  74   2          Pic_test();     //图片显示示例测试
  75   2          //Touch_Test();   //触摸屏手写测试
  76   2        }   
  77   1      }


MODULE INFORMATION:   STATIC OVERLAYABLE
   CODE SIZE        =     32    ----
   CONSTANT SIZE    =   ----    ----
   XDATA SIZE       =   ----    ----
   PDATA SIZE       =   ----    ----
   DATA SIZE        =   ----    ----
   IDATA SIZE       =   ----    ----
   BIT SIZE         =   ----    ----
END OF MODULE INFORMATION.


C51 COMPILATION COMPLETE.  0 WARNING(S),  0 ERROR(S)
