C51 COMPILER V9.53.0.0   TEST                                                              06/12/2015 17:27:12 PAGE 1   


C51 COMPILER V9.53.0.0, COMPILATION OF MODULE TEST
OBJECT MODULE PLACED IN .\obj\test.obj
COMPILER INVOKED BY: d:\Keil_v5\C51\BIN\C51.EXE USER\test.c LARGE BROWSE INCDIR(.\font;.\LCD;.\sys;.\touch;.\GUI;.\USER)
                    - DEBUG OBJECTEXTEND PRINT(.\test.lst) TABS(2) OBJECT(.\obj\test.obj)

line level    source

   1          #include "lcd.h"
   2          #include "string.h"
   3          #include "sys.h"
   4          #include "gui.h"
   5          #include "test.h"
   6          #include "touch.h"
   7          #include "pic.h"
   8          //////////////////////////////////////////////////////////////////////////////////   
   9          //本程序只供学习使用，未经作者许可，不得用于其它任何用途
  10          //测试硬件：单片机STC12LE5A60S2,晶振30M  单片机工作电压3.3V
  11          //QDtech-TFT液晶驱动 for C51
  12          //xiao冯@ShenZhen QDtech co.,LTD
  13          //公司网站:www.qdtech.net
  14          //淘宝网站：http://qdtech.taobao.com
  15          //我司提供技术支持，任何技术问题欢迎随时交流学习
  16          //固话(传真) :+86 0755-23594567 
  17          //手机:15989313508（冯工） 
  18          //邮箱:QDtech2008@gmail.com 
  19          //Skype:QDtech2008
  20          //技术交流QQ群:324828016
  21          //创建日期:2013/5/13
  22          //版本：V1.1
  23          //版权所有，盗版必究。
  24          //Copyright(C) 深圳市全动电子技术有限公司 2009-2019
  25          //All rights reserved
  26          //********************************************************************************
  27          
  28          //========================variable==========================//
  29          u16 ColorTab[5]={BRED,YELLOW,RED,GREEN,BLUE};//定义颜色数组
  30          //=====================end of variable======================//
  31          
  32          //******************************************************************
  33          //函数名：  DrawTestPage
  34          //作者：    xiao冯@全动电子
  35          //日期：    2013-02-22
  36          //功能：    绘制测试界面
  37          //输入参数：str :字符串指针
  38          //返回值：  无
  39          //修改记录：
  40          //******************************************************************
  41          void DrawTestPage(u8 *str)
  42          {
  43   1      //绘制固定栏up
  44   1      LCD_Fill(0,0,lcddev.width,20,BLUE);
  45   1      //绘制固定栏down
  46   1      LCD_Fill(0,lcddev.height-20,lcddev.width,lcddev.height,BLUE);
  47   1      POINT_COLOR=WHITE;
  48   1      Gui_StrCenter(0,2,WHITE,BLUE,str,16,1);//居中显示
  49   1      Gui_StrCenter(0,lcddev.height-18,WHITE,BLUE,"QDtech版权所有",16,1);//居中显示
  50   1      //绘制测试区域
  51   1      LCD_Fill(0,20,lcddev.width,lcddev.height-20,BLACK);
  52   1      }
  53          
  54          //******************************************************************
C51 COMPILER V9.53.0.0   TEST                                                              06/12/2015 17:27:12 PAGE 2   

  55          //函数名：  main_test
  56          //作者：    xiao冯@全动电子
  57          //日期：    2013-02-22
  58          //功能：    绘制全动电子综合测试程序主界面
  59          //输入参数：无
  60          //返回值：  无
  61          //修改记录：
  62          //******************************************************************
  63          void main_test(void)
  64          {
  65   1        DrawTestPage("全动电子综合测试程序");
  66   1        
  67   1        Gui_StrCenter(0,30,RED,BLUE,"全动电子",16,1);//居中显示
  68   1        Gui_StrCenter(0,60,RED,BLUE,"综合测试程序",16,1);//居中显示 
  69   1        Gui_StrCenter(0,90,YELLOW,BLUE,"3.2' ILI9341 240X320",16,1);//居中显示
  70   1        Gui_StrCenter(0,120,BLUE,BLUE,"xiaoFeng@QDtech 2014-02-25",16,1);//居中显示
  71   1        delay_ms(1500);   
  72   1        delay_ms(1500);
  73   1      }
  74          
  75          //******************************************************************
  76          //函数名：  Test_Color
  77          //作者：    xiao冯@全动电子
  78          //日期：    2013-02-22
  79          //功能：    颜色填充测试，依次填充白色、黑色、红色、绿色、蓝色
  80          //输入参数：无
  81          //返回值：  无
  82          //修改记录：
  83          //******************************************************************
  84          void Test_Color(void)
  85          {
  86   1        DrawTestPage("测试1:纯色填充测试");
  87   1        LCD_Fill(0,20,lcddev.width,lcddev.height-20,WHITE);
  88   1        Show_Str(lcddev.width-50,30,BLUE,YELLOW,"White",16,1);delay_ms(500);
  89   1        LCD_Fill(0,20,lcddev.width,lcddev.height-20,BLACK);
  90   1        Show_Str(lcddev.width-50,30,BLUE,YELLOW,"Black",16,1);delay_ms(500);
  91   1        LCD_Fill(0,20,lcddev.width,lcddev.height-20,RED);
  92   1        Show_Str(lcddev.width-50,30,BLUE,YELLOW,"Red",16,1); delay_ms(500);
  93   1        LCD_Fill(0,20,lcddev.width,lcddev.height-20,GREEN);
  94   1        Show_Str(lcddev.width-50,30,BLUE,YELLOW,"Green",16,1);delay_ms(500);
  95   1        LCD_Fill(0,20,lcddev.width,lcddev.height-20,BLUE);
  96   1        Show_Str(lcddev.width-50,30,WHITE,YELLOW,"Blue",16,1);delay_ms(500);
  97   1      
  98   1      }
  99          
 100          //******************************************************************
 101          //函数名：  Test_FillRec
 102          //作者：    xiao冯@全动电子
 103          //日期：    2013-02-22
 104          //功能：    矩形框显示和填充测试，依次显示粉红色、黄色、红色、绿色、蓝色矩形框，
 105          //        延时1500毫秒后，依次按照粉红色、黄色、红色、绿色、蓝色填充矩形框 
 106          //输入参数：无
 107          //返回值：  无
 108          //修改记录：
 109          //******************************************************************
 110          void Test_FillRec(void)
 111          {
 112   1        u8 i=0;
 113   1        DrawTestPage("测试2:GUI矩形填充测试");
 114   1        LCD_Fill(0,20,lcddev.width,lcddev.height-20,WHITE);
 115   1        for (i=0; i<5; i++) 
 116   1        {
C51 COMPILER V9.53.0.0   TEST                                                              06/12/2015 17:27:12 PAGE 3   

 117   2          LCD_DrawRectangle(lcddev.width/2-80+(i*15),lcddev.height/2-80+(i*15),lcddev.width/2-80+(i*15)+60,lcddev.
             -height/2-80+(i*15)+60); 
 118   2          POINT_COLOR=ColorTab[i];
 119   2        }
 120   1        delay_ms(1500); 
 121   1        LCD_Fill(0,20,lcddev.width,lcddev.height-20,WHITE); 
 122   1        for (i=0; i<5; i++) 
 123   1        {
 124   2          LCD_DrawFillRectangle(lcddev.width/2-80+(i*15),lcddev.height/2-80+(i*15),lcddev.width/2-80+(i*15)+60,lcd
             -dev.height/2-80+(i*15)+60); 
 125   2          POINT_COLOR=ColorTab[i];
 126   2        }
 127   1        delay_ms(1500);
 128   1      }
 129          
 130          //******************************************************************
 131          //函数名：  Test_FillRec
 132          //作者：    xiao冯@全动电子
 133          //日期：    2013-02-22
 134          //功能：    圆形框显示和填充测试，依次显示粉红色、黄色、红色、绿色、蓝色圆形框，
 135          //        延时1500毫秒后，依次按照粉红色、黄色、红色、绿色、蓝色填充圆形框 
 136          //输入参数：无
 137          //返回值：  无
 138          //修改记录：
 139          //******************************************************************
 140          void Test_Circle(void)
 141          {
 142   1        u8 i=0;
 143   1        DrawTestPage("测试3:GUI画圆填充测试");
 144   1        LCD_Fill(0,20,lcddev.width,lcddev.height-20,WHITE);
 145   1        for (i=0; i<5; i++)  
 146   1          gui_circle(lcddev.width/2-80+(i*25),lcddev.height/2-50+(i*25),ColorTab[i],30,0);
 147   1        delay_ms(1500); 
 148   1        LCD_Fill(0,20,lcddev.width,lcddev.height-20,WHITE); 
 149   1        for (i=0; i<5; i++) 
 150   1            gui_circle(lcddev.width/2-80+(i*25),lcddev.height/2-50+(i*25),ColorTab[i],30,1);
 151   1        delay_ms(1500);
 152   1      }
 153          
 154          //******************************************************************
 155          //函数名：  English_Font_test
 156          //作者：    xiao冯@全动电子
 157          //日期：    2013-02-22
 158          //功能：    英文显示测试 
 159          //输入参数：无
 160          //返回值：  无
 161          //修改记录：
 162          //******************************************************************
 163          void English_Font_test(void)
 164          {
 165   1        DrawTestPage("测试4:英文显示测试");
 166   1        POINT_COLOR=RED;
 167   1        BACK_COLOR=BLUE;
 168   1        LCD_ShowString(10,30,12,"6X12:abcdefghijklmnopqrstuvwxyz",0);
 169   1        LCD_ShowString(10,45,12,"6X12:ABCDEFGHIJKLMNOP0123456789",1);
 170   1        LCD_ShowString(10,60,12,"6X12:~!@#$%^&*()_+{}:<>?/|-+.",0);
 171   1        LCD_ShowString(10,80,16,"8X16:abcdefghijklmnopqrstuvw",0);
 172   1        LCD_ShowString(10,100,16,"8X16:ABCDEFGHIJKLMN01234567",1);
 173   1        LCD_ShowString(10,120,16,"8X16:~!@#$%^&*()_+{}:<>?/|",0); 
 174   1        delay_ms(1200);
 175   1      }
 176          
C51 COMPILER V9.53.0.0   TEST                                                              06/12/2015 17:27:12 PAGE 4   

 177          //******************************************************************
 178          //函数名：  Chinese_Font_test
 179          //作者：    xiao冯@全动电子
 180          //日期：    2013-02-22
 181          //功能：    中文显示测试
 182          //输入参数：无
 183          //返回值：  无
 184          //修改记录：
 185          //******************************************************************
 186          void Chinese_Font_test(void)
 187          { 
 188   1        DrawTestPage("测试5:中文显示测试");
 189   1        Show_Str(10,30,BLUE,YELLOW,"16X16:全动电子技术有限公司欢迎您",16,0);
 190   1        Show_Str(10,50,BLUE,YELLOW,"16X16:Welcome全动电子",16,1);
 191   1        Show_Str(10,70,BLUE,YELLOW,"24X24:深圳市中文测试",24,1);
 192   1        Show_Str(10,100,BLUE,YELLOW,"32X32:字体测试",32,1);
 193   1        delay_ms(1200);
 194   1      }
 195          
 196          //******************************************************************
 197          //函数名：  Pic_test
 198          //作者：    xiao冯@全动电子
 199          //日期：    2013-02-22
 200          //功能：    图片显示测试，依次显示三幅40X40 QQ图像
 201          //输入参数：无
 202          //返回值：  无
 203          //修改记录：
 204          //******************************************************************
 205          void Pic_test(void)
 206          {
 207   1        DrawTestPage("测试6:图片显示测试");
 208   1        LCD_Fill(0,20,lcddev.width,lcddev.height-20,WHITE);
 209   1        Gui_Drawbmp16(30,30,gImage_qq);
 210   1        Show_Str(30+12,75,BLUE,YELLOW,"QQ",16,1);
 211   1        Gui_Drawbmp16(90,30,gImage_qq);
 212   1        Show_Str(90+12,75,BLUE,YELLOW,"QQ",16,1);
 213   1        Gui_Drawbmp16(150,30,gImage_qq);
 214   1        Show_Str(150+12,75,BLUE,YELLOW,"QQ",16,1);
 215   1        delay_ms(1200);
 216   1      }
 217          
 218          //******************************************************************
 219          //函数名：  Touch_Test
 220          //作者：    xiao冯@全动电子
 221          //日期：    2013-02-22
 222          //功能：    触摸手写测试
 223          //输入参数：无
 224          //返回值：  无
 225          //修改记录：
 226          //******************************************************************
 227          void Touch_Test(void)
 228          { 
 229   1        u8 i=0;
 230   1        u16 j=0;
 231   1        u16 colorTemp=0;    
 232   1        DrawTestPage("测试7:Touch测试");
 233   1        LCD_ShowString(lcddev.width-24,0,16,"RST",1);//显示清屏区域
 234   1        LCD_Fill(lcddev.width-52,2,lcddev.width-50+20,18,RED); 
 235   1        POINT_COLOR=RED;
 236   1        while(1)
 237   1        {    
 238   2          if(Convert_Pos())     //触摸屏被按下
C51 COMPILER V9.53.0.0   TEST                                                              06/12/2015 17:27:12 PAGE 5   

 239   2          { 
 240   3            if(tp_pixlcd.x<lcddev.width&&tp_pixlcd.y<lcddev.height)
 241   3            { 
 242   4              if(tp_pixlcd.x>(lcddev.width-24)&&tp_pixlcd.y<16)
 243   4              {
 244   5                DrawTestPage("测试7:Touch测试");//清除
 245   5                POINT_COLOR=colorTemp;
 246   5                LCD_ShowString(lcddev.width-24,0,16,"RST",1);//显示清屏区域
 247   5                LCD_Fill(lcddev.width-52,2,lcddev.width-50+20,18,POINT_COLOR); 
 248   5              }
 249   4              else if((tp_pixlcd.x>(lcddev.width-60)&&tp_pixlcd.x<(lcddev.width-50+20))&&tp_pixlcd.y<20)
 250   4              {
 251   5              LCD_Fill(lcddev.width-52,2,lcddev.width-50+20,18,ColorTab[j%5]); 
 252   5              POINT_COLOR=ColorTab[(j++)%5];
 253   5              colorTemp=POINT_COLOR;
 254   5              delay_ms(10);
 255   5              }
 256   4      
 257   4              else 
 258   4              TP_Draw_Big_Point(tp_pixlcd.x,tp_pixlcd.y,POINT_COLOR);            
 259   4            }
 260   3          }else delay_ms(10); //没有按键按下的时候              
 261   2        }   
 262   1      }


MODULE INFORMATION:   STATIC OVERLAYABLE
   CODE SIZE        =   3032    ----
   CONSTANT SIZE    =   3745    ----
   XDATA SIZE       =     10      10
   PDATA SIZE       =   ----    ----
   DATA SIZE        =   ----    ----
   IDATA SIZE       =   ----    ----
   BIT SIZE         =   ----    ----
END OF MODULE INFORMATION.


C51 COMPILATION COMPLETE.  0 WARNING(S),  0 ERROR(S)
